******************************************************************************
             TMS320C2000 Linker Unix v22.6.1                   
******************************************************************************
>> Linked Sat Jun 28 21:07:05 2025

OUTPUT FILE NAME:   <empty_driverlib_project.out>
ENTRY POINT SYMBOL: "code_start"  address: 00000000


MEMORY CONFIGURATION

         name            origin    length      used     unused   attr    fill
----------------------  --------  ---------  --------  --------  ----  --------
PAGE 0:
  BEGIN                 00000000   00000002  00000002  00000000  RWIX
  RAMM0                 000000f6   0000030a  00000020  000002ea  RWIX
  RAMLS0                00008000   00000800  00000800  00000000  RWIX
  RAMLS1                00008800   00000800  000004f0  00000310  RWIX
  RAMLS2                00009000   00000800  00000000  00000800  RWIX
  RAMLS3                00009800   00000800  00000000  00000800  RWIX
  RAMLS4                0000a000   00000800  00000000  00000800  RWIX
  FLASH_BANK0_SEC0      00080000   00001000  00000000  00001000  RWIX
  FLASH_BANK0_SEC1      00081000   00001000  00000000  00001000  RWIX
  FLASH_BANK0_SEC2      00082000   00001000  00000000  00001000  RWIX
  FLASH_BANK0_SEC3      00083000   00001000  00000000  00001000  RWIX
  FLASH_BANK0_SEC4      00084000   00001000  00000000  00001000  RWIX
  FLASH_BANK0_SEC5      00085000   00001000  00000000  00001000  RWIX
  FLASH_BANK0_SEC6      00086000   00001000  00000000  00001000  RWIX
  FLASH_BANK0_SEC7      00087000   00001000  00000000  00001000  RWIX
  FLASH_BANK0_SEC8      00088000   00001000  00000000  00001000  RWIX
  FLASH_BANK0_SEC9      00089000   00001000  00000000  00001000  RWIX
  FLASH_BANK0_SEC10     0008a000   00001000  00000000  00001000  RWIX
  FLASH_BANK0_SEC11     0008b000   00001000  00000000  00001000  RWIX
  FLASH_BANK0_SEC12     0008c000   00001000  00000000  00001000  RWIX
  FLASH_BANK0_SEC13     0008d000   00001000  00000000  00001000  RWIX
  FLASH_BANK0_SEC14     0008e000   00001000  00000000  00001000  RWIX
  FLASH_BANK0_SEC15     0008f000   00001000  00000000  00001000  RWIX
  FLASH_BANK1_SEC0      00090000   00001000  00000000  00001000  RWIX
  FLASH_BANK1_SEC1      00091000   00001000  00000000  00001000  RWIX
  FLASH_BANK1_SEC2      00092000   00001000  00000000  00001000  RWIX
  FLASH_BANK1_SEC3      00093000   00001000  00000000  00001000  RWIX
  FLASH_BANK1_SEC4      00094000   00001000  00000000  00001000  RWIX
  FLASH_BANK1_SEC5      00095000   00001000  00000000  00001000  RWIX
  FLASH_BANK1_SEC6      00096000   00001000  00000000  00001000  RWIX
  FLASH_BANK1_SEC7      00097000   00001000  00000000  00001000  RWIX
  FLASH_BANK1_SEC8      00098000   00001000  00000000  00001000  RWIX
  FLASH_BANK1_SEC9      00099000   00001000  00000000  00001000  RWIX
  FLASH_BANK1_SEC10     0009a000   00001000  00000000  00001000  RWIX
  FLASH_BANK1_SEC11     0009b000   00001000  00000000  00001000  RWIX
  FLASH_BANK1_SEC12     0009c000   00001000  00000000  00001000  RWIX
  FLASH_BANK1_SEC13     0009d000   00001000  00000000  00001000  RWIX
  FLASH_BANK1_SEC14     0009e000   00001000  00000000  00001000  RWIX
  FLASH_BANK1_SEC15     0009f000   00001000  00000000  00001000  RWIX
  RESET                 003fffc0   00000002  00000000  00000002  RWIX

PAGE 1:
  BOOT_RSVD             00000002   000000f1  00000000  000000f1  RWIX
  RAMM1                 00000400   000003f8  000003f8  00000000  RWIX
  RAMLS5                0000a800   00000800  000007a8  00000058  RWIX
  RAMLS6                0000b000   00000800  00000000  00000800  RWIX
  RAMLS7                0000b800   00000800  00000000  00000800  RWIX
  RAMGS0                0000c000   00002000  00000000  00002000  RWIX
  RAMGS1                0000e000   00002000  00000000  00002000  RWIX
  RAMGS2                00010000   00002000  00000000  00002000  RWIX
  RAMGS3                00012000   00001ff8  00000000  00001ff8  RWIX


SECTION ALLOCATION MAP

 output                                  attributes/
section   page    origin      length       input sections
--------  ----  ----------  ----------   ----------------
codestart 
*          0    00000000    00000002     
                  00000000    00000002     f28004x_codestartbranch.obj (codestart)

.TI.ramfunc 
*          0    000000f6    00000004     
                  000000f6    00000004     driverlib_eabi.lib : sysctl.obj (.TI.ramfunc)

.cinit     0    000000fa    0000001c     
                  000000fa    00000009     (.cinit..data.load) [load image, compression = lzss]
                  00000103    00000001     --HOLE-- [fill = 0]
                  00000104    00000006     (__TI_handler_table)
                  0000010a    00000004     (.cinit..bss.load) [load image, compression = zero_init]
                  0000010e    00000008     (__TI_cinit_table)

.reset     0    003fffc0    00000000     DSECT

.stack     1    00000400    000003f8     UNINITIALIZED
                  00000400    000003f8     --HOLE--

.bss       1    0000a800    00000480     UNINITIALIZED
                  0000a800    00000480     empty_driverlib_main.obj (.bss:OLED_GRAM)

.init_array 
*          0    000000f6    00000000     UNINITIALIZED

.const     1    0000ac80    0000031c     
                  0000ac80    0000009e     empty_driverlib_main.obj (.const:.string)
                  0000ad1e    0000009a     driverlib_eabi.lib : sysctl.obj (.const:.string)
                  0000adb8    00000098                        : gpio.obj (.const:.string)
                  0000ae50    00000097                        : spi.obj (.const:.string)
                  0000aee7    00000001     --HOLE-- [fill = 0]
                  0000aee8    00000065     device.obj (.const:.string)
                  0000af4d    00000001     --HOLE-- [fill = 0]
                  0000af4e    0000004e     board.obj (.const:.string)

.data      1    0000af9c    0000000c     UNINITIALIZED
                  0000af9c    00000006     rts2800_fpu32_eabi.lib : exit.c.obj (.data)
                  0000afa2    00000002                            : _lock.c.obj (.data:_lock)
                  0000afa4    00000002                            : _lock.c.obj (.data:_unlock)
                  0000afa6    00000002     empty_driverlib_main.obj (.data)

.text.1    0    00008000    00000800     
                  00008000    000000e0     device.obj (.text:Device_enableAllPeripherals)
                  000080e0    000000c8     driverlib_eabi.lib : sysctl.obj (.text:SysCtl_setClock)
                  000081a8    000000bd                        : sysctl.obj (.text:SysCtl_isPLLValid)
                  00008265    00000091     empty_driverlib_main.obj (.text:oledInit)
                  000082f6    00000073     driverlib_eabi.lib : sysctl.obj (.text:DCC_setCounterSeeds)
                  00008369    0000005e                        : sysctl.obj (.text:SysCtl_getClock)
                  000083c7    0000005c                        : spi.obj (.text:SPI_setConfig)
                  00008423    00000052                        : gpio.obj (.text:GPIO_setPadConfig)
                  00008475    00000051     device.obj (.text:Device_init)
                  000084c6    0000004d     driverlib_eabi.lib : sysctl.obj (.text:SysCtl_selectOscSource)
                  00008513    0000004d     empty_driverlib_main.obj (.text:oledDrawPoint)
                  00008560    00000045     driverlib_eabi.lib : sysctl.obj (.text:SysCtl_pollX1Counter)
                  000085a5    00000040                        : sysctl.obj (.text:SysCtl_selectXTAL)
                  000085e5    0000003d                        : interrupt.obj (.text:Interrupt_initModule)
                  00008622    0000003a                        : gpio.obj (.text:GPIO_setAnalogMode)
                  0000865c    00000037                        : gpio.obj (.text:GPIO_setControllerCore)
                  00008693    00000037                        : gpio.obj (.text:GPIO_setPinConfig)
                  000086ca    00000037                        : gpio.obj (.text:GPIO_setQualificationMode)
                  00008701    00000036     board.obj (.text:PinMux_init)
                  00008737    00000031     driverlib_eabi.lib : gpio.obj (.text:GPIO_setDirectionMode)
                  00008768    00000031                        : spi.obj (.text:SPI_pollingNonFIFOTransaction)
                  00008799    00000031     empty_driverlib_main.obj (.text:main)
                  000087ca    00000030     rts2800_fpu32_eabi.lib : copy_decompress_lzss.c.obj (.text:decompress:lzss)
                  000087fa    00000006                            : copy_zero_init.c.obj (.text:decompress:ZI)

.text.2    0    00008800    000004f0     
                  00008800    0000002d     board.obj (.text:mySPI0_init)
                  0000882d    0000002b     rts2800_fpu32_eabi.lib : autoinit.c.obj (.text:__TI_auto_init_nobinit_nopinit)
                  00008858    00000029                            : exit.c.obj (.text)
                  00008881    00000027     empty_driverlib_main.obj (.text:GPIO_writePin)
                  000088a8    00000025     driverlib_eabi.lib : sysctl.obj (.text:SysCtl_selectXTALSingleEnded)
                  000088cd    00000024                        : sysctl.obj (.text:DCC_enableSingleShotMode)
                  000088f1    00000024     empty_driverlib_main.obj (.text:oledClear)
                  00008915    00000020     empty_driverlib_main.obj (.text:oledRefreshColumn)
                  00008935    00000020     empty_driverlib_main.obj (.text:oledSendByte)
                  00008955    0000001e     driverlib_eabi.lib : sysctl.obj (.text:DCC_setCounter1ClkSource)
                  00008973    0000001e                        : interrupt.obj (.text:Interrupt_initVectorTable)
                  00008991    0000001d     rts2800_fpu32_eabi.lib : memcpy.c.obj (.text)
                  000089ae    0000001c     driverlib_eabi.lib : sysctl.obj (.text:DCC_setCounter0ClkSource)
                  000089ca    0000001a     board.obj (.text:SPI_setEmulationMode)
                  000089e4    0000001a     board.obj (.text:SPI_setPTESignalPolarity)
                  000089fe    0000001a     driverlib_eabi.lib : sysctl.obj (.text:SysCtl_getLowSpeedClock)
                  00008a18    00000018     board.obj (.text:SPI_disableFIFO)
                  00008a30    00000017     driverlib_eabi.lib : spi.obj (.text:SPI_writeDataBlockingNonFIFO)
                  00008a47    00000017     device.obj (.text:SysCtl_enablePeripheral)
                  00008a5e    00000017     driverlib_eabi.lib : sysctl.obj (.text:SysCtl_enablePeripheral)
                  00008a75    00000017     rts2800_fpu32_eabi.lib : boot28.asm.obj (.text)
                  00008a8c    00000016     driverlib_eabi.lib : sysctl.obj (.text:DCC_disableDoneSignal)
                  00008aa2    00000016                        : sysctl.obj (.text:DCC_enableDoneSignal)
                  00008ab8    00000016                        : interrupt.obj (.text:Interrupt_defaultHandler)
                  00008ace    00000015                        : sysctl.obj (.text:DCC_clearDoneFlag)
                  00008ae3    00000015                        : sysctl.obj (.text:DCC_clearErrorFlag)
                  00008af8    00000015                        : sysctl.obj (.text:DCC_disableErrorSignal)
                  00008b0d    00000015                        : sysctl.obj (.text:DCC_enableErrorSignal)
                  00008b22    00000015     device.obj (.text:GPIO_unlockPortConfig)
                  00008b37    00000014     driverlib_eabi.lib : sysctl.obj (.text:DCC_disableModule)
                  00008b4b    00000014                        : sysctl.obj (.text:DCC_enableModule)
                  00008b5f    00000014                        : gpio.obj (.text:GPIO_isPinValid)
                  00008b73    00000014     empty_driverlib_main.obj (.text:GPIO_isPinValid)
                  00008b87    00000014     board.obj (.text:OLED_DC_init)
                  00008b9b    00000014     board.obj (.text:OLED_RST_init)
                  00008baf    00000014     device.obj (.text:SysCtl_deviceCal)
                  00008bc3    00000013     board.obj (.text:SPI_isBaseValid)
                  00008bd6    00000013     driverlib_eabi.lib : spi.obj (.text:SPI_isBaseValid)
                  00008be9    00000012                        : spi.obj (.text:SPI_readDataBlockingNonFIFO)
                  00008bfb    00000011     board.obj (.text:SPI_disableLoopback)
                  00008c0c    00000011     board.obj (.text:SPI_disableModule)
                  00008c1d    00000011     board.obj (.text:SPI_enableModule)
                  00008c2e    00000010     driverlib_eabi.lib : sysctl.obj (.text:DCC_isBaseValid)
                  00008c3e    00000010     device.obj (.text:Device_initGPIO)
                  00008c4e    0000000f     device.obj (.text:ASysCtl_disableDCDC)
                  00008c5d    0000000d     driverlib_eabi.lib : interrupt.obj (.text:Interrupt_disableGlobal)
                  00008c6a    0000000d     device.obj (.text:SysCtl_setLowSpeedClock)
                  00008c77    0000000c     rts2800_fpu32_eabi.lib : args_main.c.obj (.text)
                  00008c83    0000000b     device.obj (.text:SysCtl_disableWatchdog)
                  00008c8e    0000000b     driverlib_eabi.lib : sysctl.obj (.text:SysCtl_isMCDClockFailureDetected)
                  00008c99    0000000a                        : interrupt.obj (.text:Interrupt_illegalOperationHandler)
                  00008ca3    0000000a                        : interrupt.obj (.text:Interrupt_nmiHandler)
                  00008cad    00000009     board.obj (.text:Board_init)
                  00008cb6    00000009     rts2800_fpu32_eabi.lib : _lock.c.obj (.text)
                  00008cbf    00000008                            : copy_decompress_none.c.obj (.text:decompress:none)
                  00008cc7    00000008     f28004x_codestartbranch.obj (.text)
                  00008ccf    00000007     driverlib_eabi.lib : sysctl.obj (.text:SysCtl_resetMCD)
                  00008cd6    00000007     device.obj (.text:__error__)
                  00008cdd    00000007     rts2800_fpu32_eabi.lib : memset.c.obj (.text)
                  00008ce4    00000005     board.obj (.text:GPIO_init)
                  00008ce9    00000003     board.obj (.text:SPI_init)
                  00008cec    00000002     rts2800_fpu32_eabi.lib : pre_init.c.obj (.text)
                  00008cee    00000001     c2000ware_libraries.obj (.text:C2000Ware_libraries_init)
                  00008cef    00000001     rts2800_fpu32_eabi.lib : startup.c.obj (.text)

MODULE SUMMARY

       Module                        code   ro data   rw data
       ------                        ----   -------   -------
    ./
       empty_driverlib_main.obj      430    158       1154   
    +--+-----------------------------+------+---------+---------+
       Total:                        430    158       1154   
                                                             
    ./device/
       device.obj                    431    101       0      
       f28004x_codestartbranch.obj   10     0         0      
    +--+-----------------------------+------+---------+---------+
       Total:                        441    101       0      
                                                             
    ./syscfg/
       board.obj                     302    78        0      
       c2000ware_libraries.obj       1      0         0      
    +--+-----------------------------+------+---------+---------+
       Total:                        303    78        0      
                                                             
    /Applications/ti/c2000/C2000Ware_5_04_00_00/driverlib/f28004x/driverlib/ccs/Debug/driverlib_eabi.lib
       sysctl.obj                    1194   154       0      
       gpio.obj                      374    152       0      
       spi.obj                       201    151       0      
       interrupt.obj                 146    0         0      
    +--+-----------------------------+------+---------+---------+
       Total:                        1915   457       0      
                                                             
    /Applications/ti/ccs2011/ccs/tools/compiler/ti-cgt-c2000_22.6.1.LTS/lib/rts2800_fpu32_eabi.lib
       copy_decompress_lzss.c.obj    48     0         0      
       exit.c.obj                    41     0         6      
       autoinit.c.obj                43     0         0      
       memcpy.c.obj                  29     0         0      
       boot28.asm.obj                23     0         0      
       _lock.c.obj                   9      0         4      
       args_main.c.obj               12     0         0      
       copy_decompress_none.c.obj    8      0         0      
       memset.c.obj                  7      0         0      
       copy_zero_init.c.obj          6      0         0      
       pre_init.c.obj                2      0         0      
       startup.c.obj                 1      0         0      
    +--+-----------------------------+------+---------+---------+
       Total:                        229    0         10     
                                                             
       Stack:                        0      0         1016   
       Linker Generated:             0      27        0      
    +--+-----------------------------+------+---------+---------+
       Grand Total:                  3318   821       2180   


LINKER GENERATED COPY TABLES

__TI_cinit_table @ 0000010e records: 2, size/record: 4, table size: 8
	.data: load addr=000000fa, load size=00000009 bytes, run addr=0000af9c, run size=0000000c bytes, compression=lzss
	.bss: load addr=0000010a, load size=00000004 bytes, run addr=0000a800, run size=00000480 bytes, compression=zero_init


LINKER GENERATED HANDLER TABLE

__TI_handler_table @ 00000104 records: 3, size/record: 2, table size: 6
	index: 0, handler: __TI_zero_init
	index: 1, handler: __TI_decompress_lzss
	index: 2, handler: __TI_decompress_none


GLOBAL DATA SYMBOLS: SORTED BY DATA PAGE

address     data page           name
--------    ----------------    ----
00000400      10 (00000400)     __stack

0000a800     2a0 (0000a800)     OLED_GRAM

0000af9c     2be (0000af80)     __TI_enable_exit_profile_output
0000af9e     2be (0000af80)     __TI_cleanup_ptr
0000afa0     2be (0000af80)     __TI_dtors_ptr
0000afa2     2be (0000af80)     _lock
0000afa4     2be (0000af80)     _unlock
0000afa6     2be (0000af80)     flag
0000afa7     2be (0000af80)     pos


GLOBAL SYMBOLS: SORTED ALPHABETICALLY BY Name 

page  address   name                             
----  -------   ----                             
0     00008cad  Board_init                       
0     00008858  C$$EXIT                          
0     00008cee  C2000Ware_libraries_init         
0     00008000  Device_enableAllPeripherals      
0     00008475  Device_init                      
0     00008c3e  Device_initGPIO                  
0     00008ce4  GPIO_init                        
0     00008622  GPIO_setAnalogMode               
0     0000865c  GPIO_setControllerCore           
0     00008737  GPIO_setDirectionMode            
0     00008423  GPIO_setPadConfig                
0     00008693  GPIO_setPinConfig                
0     000086ca  GPIO_setQualificationMode        
0     00008ab8  Interrupt_defaultHandler         
0     00008c99  Interrupt_illegalOperationHandler
0     000085e5  Interrupt_initModule             
0     00008973  Interrupt_initVectorTable        
0     00008ca3  Interrupt_nmiHandler             
0     00008b87  OLED_DC_init                     
1     0000a800  OLED_GRAM                        
0     00008b9b  OLED_RST_init                    
0     00008701  PinMux_init                      
0     00008ce9  SPI_init                         
0     00008768  SPI_pollingNonFIFOTransaction    
0     000083c7  SPI_setConfig                    
0     000000f6  SysCtl_delay                     
0     00008369  SysCtl_getClock                  
0     000089fe  SysCtl_getLowSpeedClock          
0     000081a8  SysCtl_isPLLValid                
0     000084c6  SysCtl_selectOscSource           
0     000085a5  SysCtl_selectXTAL                
0     000088a8  SysCtl_selectXTALSingleEnded     
0     000080e0  SysCtl_setClock                  
0     0000010e  __TI_CINIT_Base                  
0     00000116  __TI_CINIT_Limit                 
0     00000116  __TI_CINIT_Warm                  
0     00000104  __TI_Handler_Table_Base          
0     0000010a  __TI_Handler_Table_Limit         
1     000007f8  __TI_STACK_END                   
abs   000003f8  __TI_STACK_SIZE                  
0     0000882d  __TI_auto_init_nobinit_nopinit   
1     0000af9e  __TI_cleanup_ptr                 
0     000087ca  __TI_decompress_lzss             
0     00008cbf  __TI_decompress_none             
1     0000afa0  __TI_dtors_ptr                   
1     0000af9c  __TI_enable_exit_profile_output  
abs   ffffffff  __TI_pprof_out_hndl              
abs   ffffffff  __TI_prof_data_size              
abs   ffffffff  __TI_prof_data_start             
0     000087fa  __TI_zero_init                   
n/a   UNDEFED   __c_args__                       
0     00008cd6  __error__                        
1     00000400  __stack                          
0     00008c77  _args_main                       
0     00008a75  _c_int00                         
1     0000afa2  _lock                            
0     00008cbe  _nop                             
0     00008cba  _register_lock                   
0     00008cb6  _register_unlock                 
0     00008cef  _system_post_cinit               
0     00008cec  _system_pre_init                 
1     0000afa4  _unlock                          
0     00008858  abort                            
0     00000000  code_start                       
0     0000885a  exit                             
1     0000afa6  flag                             
0     00008799  main                             
0     00008991  memcpy                           
0     00008cdd  memset                           
0     00008800  mySPI0_init                      
0     000088f1  oledClear                        
0     00008513  oledDrawPoint                    
0     00008265  oledInit                         
0     00008915  oledRefreshColumn                
0     00008935  oledSendByte                     
1     0000afa7  pos                              


GLOBAL SYMBOLS: SORTED BY Symbol Address 

page  address   name                             
----  -------   ----                             
0     00000000  code_start                       
0     000000f6  SysCtl_delay                     
0     00000104  __TI_Handler_Table_Base          
0     0000010a  __TI_Handler_Table_Limit         
0     0000010e  __TI_CINIT_Base                  
0     00000116  __TI_CINIT_Limit                 
0     00000116  __TI_CINIT_Warm                  
0     00008000  Device_enableAllPeripherals      
0     000080e0  SysCtl_setClock                  
0     000081a8  SysCtl_isPLLValid                
0     00008265  oledInit                         
0     00008369  SysCtl_getClock                  
0     000083c7  SPI_setConfig                    
0     00008423  GPIO_setPadConfig                
0     00008475  Device_init                      
0     000084c6  SysCtl_selectOscSource           
0     00008513  oledDrawPoint                    
0     000085a5  SysCtl_selectXTAL                
0     000085e5  Interrupt_initModule             
0     00008622  GPIO_setAnalogMode               
0     0000865c  GPIO_setControllerCore           
0     00008693  GPIO_setPinConfig                
0     000086ca  GPIO_setQualificationMode        
0     00008701  PinMux_init                      
0     00008737  GPIO_setDirectionMode            
0     00008768  SPI_pollingNonFIFOTransaction    
0     00008799  main                             
0     000087ca  __TI_decompress_lzss             
0     000087fa  __TI_zero_init                   
0     00008800  mySPI0_init                      
0     0000882d  __TI_auto_init_nobinit_nopinit   
0     00008858  C$$EXIT                          
0     00008858  abort                            
0     0000885a  exit                             
0     000088a8  SysCtl_selectXTALSingleEnded     
0     000088f1  oledClear                        
0     00008915  oledRefreshColumn                
0     00008935  oledSendByte                     
0     00008973  Interrupt_initVectorTable        
0     00008991  memcpy                           
0     000089fe  SysCtl_getLowSpeedClock          
0     00008a75  _c_int00                         
0     00008ab8  Interrupt_defaultHandler         
0     00008b87  OLED_DC_init                     
0     00008b9b  OLED_RST_init                    
0     00008c3e  Device_initGPIO                  
0     00008c77  _args_main                       
0     00008c99  Interrupt_illegalOperationHandler
0     00008ca3  Interrupt_nmiHandler             
0     00008cad  Board_init                       
0     00008cb6  _register_unlock                 
0     00008cba  _register_lock                   
0     00008cbe  _nop                             
0     00008cbf  __TI_decompress_none             
0     00008cd6  __error__                        
0     00008cdd  memset                           
0     00008ce4  GPIO_init                        
0     00008ce9  SPI_init                         
0     00008cec  _system_pre_init                 
0     00008cee  C2000Ware_libraries_init         
0     00008cef  _system_post_cinit               
1     00000400  __stack                          
1     000007f8  __TI_STACK_END                   
1     0000a800  OLED_GRAM                        
1     0000af9c  __TI_enable_exit_profile_output  
1     0000af9e  __TI_cleanup_ptr                 
1     0000afa0  __TI_dtors_ptr                   
1     0000afa2  _lock                            
1     0000afa4  _unlock                          
1     0000afa6  flag                             
1     0000afa7  pos                              
abs   000003f8  __TI_STACK_SIZE                  
abs   ffffffff  __TI_pprof_out_hndl              
abs   ffffffff  __TI_prof_data_size              
abs   ffffffff  __TI_prof_data_start             
n/a   UNDEFED   __c_args__                       

[76 symbols]
