******************************************************************************
             TMS320C2000 Linker Unix v22.6.1                   
******************************************************************************
>> Linked Mon Jun 30 09:38:15 2025

OUTPUT FILE NAME:   <F280049_OLED.out>
ENTRY POINT SYMBOL: "code_start"  address: 00000000


MEMORY CONFIGURATION

         name            origin    length      used     unused   attr    fill
----------------------  --------  ---------  --------  --------  ----  --------
PAGE 0:
  BEGIN                 00000000   00000002  00000002  00000000  RWIX
  RAMM0                 000000f6   0000030a  0000001e  000002ec  RWIX
  RAMLS0                00008000   00000800  00000800  00000000  RWIX
  RAMLS1                00008800   00000800  0000074e  000000b2  RWIX
  RAMLS2                00009000   00000800  00000000  00000800  RWIX
  RAMLS3                00009800   00000800  00000000  00000800  RWIX
  RAMLS4                0000a000   00000800  00000000  00000800  RWIX
  FLASH_BANK0_SEC0      00080000   00001000  00000000  00001000  RWIX
  FLASH_BANK0_SEC1      00081000   00001000  00000000  00001000  RWIX
  FLASH_BANK0_SEC2      00082000   00001000  00000000  00001000  RWIX
  FLASH_BANK0_SEC3      00083000   00001000  00000000  00001000  RWIX
  FLASH_BANK0_SEC4      00084000   00001000  00000000  00001000  RWIX
  FLASH_BANK0_SEC5      00085000   00001000  00000000  00001000  RWIX
  FLASH_BANK0_SEC6      00086000   00001000  00000000  00001000  RWIX
  FLASH_BANK0_SEC7      00087000   00001000  00000000  00001000  RWIX
  FLASH_BANK0_SEC8      00088000   00001000  00000000  00001000  RWIX
  FLASH_BANK0_SEC9      00089000   00001000  00000000  00001000  RWIX
  FLASH_BANK0_SEC10     0008a000   00001000  00000000  00001000  RWIX
  FLASH_BANK0_SEC11     0008b000   00001000  00000000  00001000  RWIX
  FLASH_BANK0_SEC12     0008c000   00001000  00000000  00001000  RWIX
  FLASH_BANK0_SEC13     0008d000   00001000  00000000  00001000  RWIX
  FLASH_BANK0_SEC14     0008e000   00001000  00000000  00001000  RWIX
  FLASH_BANK0_SEC15     0008f000   00001000  00000000  00001000  RWIX
  FLASH_BANK1_SEC0      00090000   00001000  00000000  00001000  RWIX
  FLASH_BANK1_SEC1      00091000   00001000  00000000  00001000  RWIX
  FLASH_BANK1_SEC2      00092000   00001000  00000000  00001000  RWIX
  FLASH_BANK1_SEC3      00093000   00001000  00000000  00001000  RWIX
  FLASH_BANK1_SEC4      00094000   00001000  00000000  00001000  RWIX
  FLASH_BANK1_SEC5      00095000   00001000  00000000  00001000  RWIX
  FLASH_BANK1_SEC6      00096000   00001000  00000000  00001000  RWIX
  FLASH_BANK1_SEC7      00097000   00001000  00000000  00001000  RWIX
  FLASH_BANK1_SEC8      00098000   00001000  00000000  00001000  RWIX
  FLASH_BANK1_SEC9      00099000   00001000  00000000  00001000  RWIX
  FLASH_BANK1_SEC10     0009a000   00001000  00000000  00001000  RWIX
  FLASH_BANK1_SEC11     0009b000   00001000  00000000  00001000  RWIX
  FLASH_BANK1_SEC12     0009c000   00001000  00000000  00001000  RWIX
  FLASH_BANK1_SEC13     0009d000   00001000  00000000  00001000  RWIX
  FLASH_BANK1_SEC14     0009e000   00001000  00000000  00001000  RWIX
  FLASH_BANK1_SEC15     0009f000   00001000  00000000  00001000  RWIX
  RESET                 003fffc0   00000002  00000000  00000002  RWIX

PAGE 1:
  BOOT_RSVD             00000002   000000f1  00000000  000000f1  RWIX
  RAMM1                 00000400   000003f8  000003f8  00000000  RWIX
  RAMLS5                0000a800   00000800  000007e1  0000001f  RWIX
  RAMLS6                0000b000   00000800  00000726  000000da  RWIX
  RAMLS7                0000b800   00000800  00000000  00000800  RWIX
  RAMGS0                0000c000   00002000  00000000  00002000  RWIX
  RAMGS1                0000e000   00002000  00000000  00002000  RWIX
  RAMGS2                00010000   00002000  00000000  00002000  RWIX
  RAMGS3                00012000   00001ff8  00000000  00001ff8  RWIX


SECTION ALLOCATION MAP

 output                                  attributes/
section   page    origin      length       input sections
--------  ----  ----------  ----------   ----------------
codestart 
*          0    00000000    00000002     
                  00000000    00000002     f28004x_codestartbranch.obj (codestart)

.TI.ramfunc 
*          0    000000f6    00000004     
                  000000f6    00000004     driverlib_eabi.lib : sysctl.obj (.TI.ramfunc)

.cinit     0    000000fa    0000001a     
                  000000fa    00000008     (.cinit..data.load) [load image, compression = lzss]
                  00000102    00000006     (__TI_handler_table)
                  00000108    00000004     (.cinit..bss.load) [load image, compression = zero_init]
                  0000010c    00000008     (__TI_cinit_table)

.reset     0    003fffc0    00000000     DSECT

.stack     1    00000400    000003f8     UNINITIALIZED
                  00000400    000003f8     --HOLE--

.bss       1    0000a800    00000406     UNINITIALIZED
                  0000a800    00000400     oled.obj (.bss:OLED_GRAM)
                  0000ac00    00000006     oled.obj (.bss)

.init_array 
*          0    000000f6    00000000     UNINITIALIZED

.data      1    0000ac06    0000000a     UNINITIALIZED
                  0000ac06    00000006     rts2800_fpu32_eabi.lib : exit.c.obj (.data)
                  0000ac0c    00000002                            : _lock.c.obj (.data:_lock)
                  0000ac0e    00000002                            : _lock.c.obj (.data:_unlock)

.text.1    0    00008000    00000800     
                  00008000    000000e0     device.obj (.text:Device_enableAllPeripherals)
                  000080e0    000000c8     driverlib_eabi.lib : sysctl.obj (.text:SysCtl_setClock)
                  000081a8    000000bd                        : sysctl.obj (.text:SysCtl_isPLLValid)
                  00008265    0000009c     rts2800_fpu32_eabi.lib : fd_add28.asm.obj (.text)
                  00008301    0000008b                            : fd_div28.asm.obj (.text)
                  0000838c    00000089     oled.obj (.text:oledInit)
                  00008415    00000073     driverlib_eabi.lib : sysctl.obj (.text:DCC_setCounterSeeds)
                  00008488    0000005e                        : sysctl.obj (.text:SysCtl_getClock)
                  000084e6    0000005c                        : spi.obj (.text:SPI_setConfig)
                  00008542    00000053     oled.obj (.text:oledShowChar)
                  00008595    00000052     driverlib_eabi.lib : gpio.obj (.text:GPIO_setPadConfig)
                  000085e7    00000051     device.obj (.text:Device_init)
                  00008638    0000004d     driverlib_eabi.lib : sysctl.obj (.text:SysCtl_selectOscSource)
                  00008685    00000045                        : sysctl.obj (.text:SysCtl_pollX1Counter)
                  000086ca    00000042     oled.obj (.text:oledShowNum)
                  0000870c    00000040     driverlib_eabi.lib : sysctl.obj (.text:SysCtl_selectXTAL)
                  0000874c    0000003e     main.obj (.text:main)
                  0000878a    0000003d     driverlib_eabi.lib : interrupt.obj (.text:Interrupt_initModule)
                  000087c7    00000037                        : gpio.obj (.text:GPIO_setControllerCore)
                  000087fe    00000002     rts2800_fpu32_eabi.lib : pre_init.c.obj (.text)

.text.2    0    00008800    0000074e     
                  00008800    0000003a     driverlib_eabi.lib : gpio.obj (.text:GPIO_setAnalogMode)
                  0000883a    00000037                        : gpio.obj (.text:GPIO_setPinConfig)
                  00008871    00000037                        : gpio.obj (.text:GPIO_setQualificationMode)
                  000088a8    00000036     board.obj (.text:PinMux_init)
                  000088de    00000031     driverlib_eabi.lib : gpio.obj (.text:GPIO_setDirectionMode)
                  0000890f    00000031                        : spi.obj (.text:SPI_pollingNonFIFOTransaction)
                  00008940    00000030     rts2800_fpu32_eabi.lib : copy_decompress_lzss.c.obj (.text:decompress:lzss)
                  00008970    0000002e     main.obj (.text:Delay_us)
                  0000899e    0000002d     board.obj (.text:mySPI0_init)
                  000089cb    0000002b     rts2800_fpu32_eabi.lib : autoinit.c.obj (.text:__TI_auto_init_nobinit_nopinit)
                  000089f6    0000002b     oled.obj (.text:oledRefresh)
                  00008a21    00000029     rts2800_fpu32_eabi.lib : exit.c.obj (.text)
                  00008a4a    00000027     oled.obj (.text:GPIO_writePin)
                  00008a71    00000025     driverlib_eabi.lib : sysctl.obj (.text:SysCtl_selectXTALSingleEnded)
                  00008a96    00000024                        : sysctl.obj (.text:DCC_enableSingleShotMode)
                  00008aba    00000020     oled.obj (.text:oledShowString)
                  00008ada    0000001e     driverlib_eabi.lib : sysctl.obj (.text:DCC_setCounter1ClkSource)
                  00008af8    0000001e                        : interrupt.obj (.text:Interrupt_initVectorTable)
                  00008b16    0000001e     oled.obj (.text:oledClear)
                  00008b34    0000001d     rts2800_fpu32_eabi.lib : memcpy.c.obj (.text)
                  00008b51    0000001c     driverlib_eabi.lib : sysctl.obj (.text:DCC_setCounter0ClkSource)
                  00008b6d    0000001b     rts2800_fpu32_eabi.lib : fd_toul28.asm.obj (.text)
                  00008b88    0000001a     board.obj (.text:SPI_setEmulationMode)
                  00008ba2    0000001a     board.obj (.text:SPI_setPTESignalPolarity)
                  00008bbc    0000001a     driverlib_eabi.lib : sysctl.obj (.text:SysCtl_getLowSpeedClock)
                  00008bd6    00000018     board.obj (.text:SPI_disableFIFO)
                  00008bee    00000017     driverlib_eabi.lib : spi.obj (.text:SPI_writeDataBlockingNonFIFO)
                  00008c05    00000017     device.obj (.text:SysCtl_enablePeripheral)
                  00008c1c    00000017     driverlib_eabi.lib : sysctl.obj (.text:SysCtl_enablePeripheral)
                  00008c33    00000017     oled.obj (.text:oledSetPos)
                  00008c4a    00000017     rts2800_fpu32_eabi.lib : boot28.asm.obj (.text)
                  00008c61    00000016     driverlib_eabi.lib : sysctl.obj (.text:DCC_disableDoneSignal)
                  00008c77    00000016                        : sysctl.obj (.text:DCC_enableDoneSignal)
                  00008c8d    00000016                        : interrupt.obj (.text:Interrupt_defaultHandler)
                  00008ca3    00000016     rts2800_fpu32_eabi.lib : ul_tofd28.asm.obj (.text)
                  00008cb9    00000015     driverlib_eabi.lib : sysctl.obj (.text:DCC_clearDoneFlag)
                  00008cce    00000015                        : sysctl.obj (.text:DCC_clearErrorFlag)
                  00008ce3    00000015                        : sysctl.obj (.text:DCC_disableErrorSignal)
                  00008cf8    00000015                        : sysctl.obj (.text:DCC_enableErrorSignal)
                  00008d0d    00000015     device.obj (.text:GPIO_unlockPortConfig)
                  00008d22    00000015     oled.obj (.text:oled_pow)
                  00008d37    00000014     driverlib_eabi.lib : sysctl.obj (.text:DCC_disableModule)
                  00008d4b    00000014                        : sysctl.obj (.text:DCC_enableModule)
                  00008d5f    00000014                        : gpio.obj (.text:GPIO_isPinValid)
                  00008d73    00000014     oled.obj (.text:GPIO_isPinValid)
                  00008d87    00000014     board.obj (.text:OLED_DC_init)
                  00008d9b    00000014     board.obj (.text:OLED_RST_init)
                  00008daf    00000014     device.obj (.text:SysCtl_deviceCal)
                  00008dc3    00000014     oled.obj (.text:oledSendByte)
                  00008dd7    00000013     board.obj (.text:SPI_isBaseValid)
                  00008dea    00000013     driverlib_eabi.lib : spi.obj (.text:SPI_isBaseValid)
                  00008dfd    00000012                        : spi.obj (.text:SPI_readDataBlockingNonFIFO)
                  00008e0f    00000011     oled.obj (.text:OLED_D_C_Pin)
                  00008e20    00000011     oled.obj (.text:OLED_Reset_Pin)
                  00008e31    00000011     board.obj (.text:SPI_disableLoopback)
                  00008e42    00000011     board.obj (.text:SPI_disableModule)
                  00008e53    00000011     board.obj (.text:SPI_enableModule)
                  00008e64    00000010     driverlib_eabi.lib : sysctl.obj (.text:DCC_isBaseValid)
                  00008e74    00000010     device.obj (.text:Device_initGPIO)
                  00008e84    0000000f     device.obj (.text:ASysCtl_disableDCDC)
                  00008e93    0000000e     rts2800_fpu32_eabi.lib : fd_sub28.asm.obj (.text)
                  00008ea1    0000000d     driverlib_eabi.lib : interrupt.obj (.text:Interrupt_disableGlobal)
                  00008eae    0000000d     device.obj (.text:SysCtl_setLowSpeedClock)
                  00008ebb    0000000c     rts2800_fpu32_eabi.lib : args_main.c.obj (.text)
                  00008ec7    0000000b     main.obj (.text:SPI_WriteByte)
                  00008ed2    0000000b     device.obj (.text:SysCtl_disableWatchdog)
                  00008edd    0000000b     driverlib_eabi.lib : sysctl.obj (.text:SysCtl_isMCDClockFailureDetected)
                  00008ee8    0000000b     oled.obj (.text:oledConfig)
                  00008ef3    0000000a     driverlib_eabi.lib : interrupt.obj (.text:Interrupt_illegalOperationHandler)
                  00008efd    0000000a                        : interrupt.obj (.text:Interrupt_nmiHandler)
                  00008f07    00000009     board.obj (.text:Board_init)
                  00008f10    00000009     rts2800_fpu32_eabi.lib : _lock.c.obj (.text)
                  00008f19    00000008                            : copy_decompress_none.c.obj (.text:decompress:none)
                  00008f21    00000008     f28004x_codestartbranch.obj (.text)
                  00008f29    00000007     driverlib_eabi.lib : sysctl.obj (.text:SysCtl_resetMCD)
                  00008f30    00000007     device.obj (.text:__error__)
                  00008f37    00000007     rts2800_fpu32_eabi.lib : memset.c.obj (.text)
                  00008f3e    00000006                            : copy_zero_init.c.obj (.text:decompress:ZI)
                  00008f44    00000005     board.obj (.text:GPIO_init)
                  00008f49    00000003     board.obj (.text:SPI_init)
                  00008f4c    00000001     c2000ware_libraries.obj (.text:C2000Ware_libraries_init)
                  00008f4d    00000001     rts2800_fpu32_eabi.lib : startup.c.obj (.text)

.const.1   1    0000ac10    000003d1     
                  0000ac10    00000228     oled.obj (.const:asc2_0806)
                  0000ae38    0000009a     driverlib_eabi.lib : sysctl.obj (.const:.string)
                  0000aed2    00000098                        : gpio.obj (.const:.string)
                  0000af6a    00000065     device.obj (.const:.string)
                  0000afcf    00000001     --HOLE-- [fill = 0]
                  0000afd0    0000000c     main.obj (.const)
                  0000afdc    00000005     main.obj (.const:.string:$P$T0$1)

.const.2   1    0000b000    00000726     
                  0000b000    000005f0     oled.obj (.const:.string:F8X16)
                  0000b5f0    00000097     driverlib_eabi.lib : spi.obj (.const:.string)
                  0000b687    00000001     --HOLE-- [fill = 0]
                  0000b688    0000004f     oled.obj (.const:.string)
                  0000b6d7    00000001     --HOLE-- [fill = 0]
                  0000b6d8    0000004e     board.obj (.const:.string)

MODULE SUMMARY

       Module                        code   ro data   rw data
       ------                        ----   -------   -------
    ./
       main.obj                      119    17        0      
    +--+-----------------------------+------+---------+---------+
       Total:                        119    17        0      
                                                             
    ./device/
       device.obj                    431    101       0      
       f28004x_codestartbranch.obj   10     0         0      
    +--+-----------------------------+------+---------+---------+
       Total:                        441    101       0      
                                                             
    ./lib/oled/
       oled.obj                      559    2151      1030   
    +--+-----------------------------+------+---------+---------+
       Total:                        559    2151      1030   
                                                             
    ./syscfg/
       board.obj                     302    78        0      
       c2000ware_libraries.obj       1      0         0      
    +--+-----------------------------+------+---------+---------+
       Total:                        303    78        0      
                                                             
    /Applications/ti/c2000/C2000Ware_5_04_00_00/driverlib/f28004x/driverlib/ccs/Debug/driverlib_eabi.lib
       sysctl.obj                    1194   154       0      
       gpio.obj                      374    152       0      
       spi.obj                       201    151       0      
       interrupt.obj                 146    0         0      
    +--+-----------------------------+------+---------+---------+
       Total:                        1915   457       0      
                                                             
    /Applications/ti/ccs2011/ccs/tools/compiler/ti-cgt-c2000_22.6.1.LTS/lib/rts2800_fpu32_eabi.lib
       fd_add28.asm.obj              156    0         0      
       fd_div28.asm.obj              139    0         0      
       copy_decompress_lzss.c.obj    48     0         0      
       exit.c.obj                    41     0         6      
       autoinit.c.obj                43     0         0      
       memcpy.c.obj                  29     0         0      
       fd_toul28.asm.obj             27     0         0      
       boot28.asm.obj                23     0         0      
       ul_tofd28.asm.obj             22     0         0      
       fd_sub28.asm.obj              14     0         0      
       _lock.c.obj                   9      0         4      
       args_main.c.obj               12     0         0      
       copy_decompress_none.c.obj    8      0         0      
       memset.c.obj                  7      0         0      
       copy_zero_init.c.obj          6      0         0      
       pre_init.c.obj                2      0         0      
       startup.c.obj                 1      0         0      
    +--+-----------------------------+------+---------+---------+
       Total:                        587    0         10     
                                                             
       Stack:                        0      0         1016   
       Linker Generated:             0      26        0      
    +--+-----------------------------+------+---------+---------+
       Grand Total:                  3924   2830      2056   


LINKER GENERATED COPY TABLES

__TI_cinit_table @ 0000010c records: 2, size/record: 4, table size: 8
	.data: load addr=000000fa, load size=00000008 bytes, run addr=0000ac06, run size=0000000a bytes, compression=lzss
	.bss: load addr=00000108, load size=00000004 bytes, run addr=0000a800, run size=00000406 bytes, compression=zero_init


LINKER GENERATED HANDLER TABLE

__TI_handler_table @ 00000102 records: 3, size/record: 2, table size: 6
	index: 0, handler: __TI_zero_init
	index: 1, handler: __TI_decompress_lzss
	index: 2, handler: __TI_decompress_none


GLOBAL DATA SYMBOLS: SORTED BY DATA PAGE

address     data page           name
--------    ----------------    ----
00000400      10 (00000400)     __stack

0000ac06     2b0 (0000ac00)     __TI_enable_exit_profile_output
0000ac08     2b0 (0000ac00)     __TI_cleanup_ptr
0000ac0a     2b0 (0000ac00)     __TI_dtors_ptr
0000ac0c     2b0 (0000ac00)     _lock
0000ac0e     2b0 (0000ac00)     _unlock
0000ac10     2b0 (0000ac00)     asc2_0806

0000b000     2c0 (0000b000)     F8X16


GLOBAL SYMBOLS: SORTED ALPHABETICALLY BY Name 

page  address   name                             
----  -------   ----                             
0     00008f07  Board_init                       
0     00008a21  C$$EXIT                          
0     00008f4c  C2000Ware_libraries_init         
0     00008970  Delay_us                         
0     00008000  Device_enableAllPeripherals      
0     000085e7  Device_init                      
0     00008e74  Device_initGPIO                  
1     0000b000  F8X16                            
0     00008f44  GPIO_init                        
0     00008800  GPIO_setAnalogMode               
0     000087c7  GPIO_setControllerCore           
0     000088de  GPIO_setDirectionMode            
0     00008595  GPIO_setPadConfig                
0     0000883a  GPIO_setPinConfig                
0     00008871  GPIO_setQualificationMode        
0     00008c8d  Interrupt_defaultHandler         
0     00008ef3  Interrupt_illegalOperationHandler
0     0000878a  Interrupt_initModule             
0     00008af8  Interrupt_initVectorTable        
0     00008efd  Interrupt_nmiHandler             
0     00008d87  OLED_DC_init                     
0     00008d9b  OLED_RST_init                    
0     000088a8  PinMux_init                      
0     00008ec7  SPI_WriteByte                    
0     00008f49  SPI_init                         
0     0000890f  SPI_pollingNonFIFOTransaction    
0     000084e6  SPI_setConfig                    
0     000000f6  SysCtl_delay                     
0     00008488  SysCtl_getClock                  
0     00008bbc  SysCtl_getLowSpeedClock          
0     000081a8  SysCtl_isPLLValid                
0     00008638  SysCtl_selectOscSource           
0     0000870c  SysCtl_selectXTAL                
0     00008a71  SysCtl_selectXTALSingleEnded     
0     000080e0  SysCtl_setClock                  
0     0000010c  __TI_CINIT_Base                  
0     00000114  __TI_CINIT_Limit                 
0     00000114  __TI_CINIT_Warm                  
0     00000102  __TI_Handler_Table_Base          
0     00000108  __TI_Handler_Table_Limit         
1     000007f8  __TI_STACK_END                   
abs   000003f8  __TI_STACK_SIZE                  
0     000089cb  __TI_auto_init_nobinit_nopinit   
1     0000ac08  __TI_cleanup_ptr                 
0     00008940  __TI_decompress_lzss             
0     00008f19  __TI_decompress_none             
1     0000ac0a  __TI_dtors_ptr                   
1     0000ac06  __TI_enable_exit_profile_output  
abs   ffffffff  __TI_pprof_out_hndl              
abs   ffffffff  __TI_prof_data_size              
abs   ffffffff  __TI_prof_data_start             
0     00008f3e  __TI_zero_init                   
0     00008265  __c28xabi_addd                   
0     00008301  __c28xabi_divd                   
0     00008b6d  __c28xabi_dtoul                  
0     00008e93  __c28xabi_subd                   
0     00008ca3  __c28xabi_ultod                  
n/a   UNDEFED   __c_args__                       
0     00008f30  __error__                        
1     00000400  __stack                          
0     00008ebb  _args_main                       
0     00008c4a  _c_int00                         
1     0000ac0c  _lock                            
0     00008f18  _nop                             
0     00008f14  _register_lock                   
0     00008f10  _register_unlock                 
0     00008f4d  _system_post_cinit               
0     000087fe  _system_pre_init                 
1     0000ac0e  _unlock                          
0     00008a21  abort                            
1     0000ac10  asc2_0806                        
0     00000000  code_start                       
0     00008a23  exit                             
0     0000874c  main                             
0     00008b34  memcpy                           
0     00008f37  memset                           
0     0000899e  mySPI0_init                      
0     00008b16  oledClear                        
0     00008ee8  oledConfig                       
0     0000838c  oledInit                         
0     000089f6  oledRefresh                      
0     00008542  oledShowChar                     
0     000086ca  oledShowNum                      
0     00008aba  oledShowString                   
0     00008d22  oled_pow                         


GLOBAL SYMBOLS: SORTED BY Symbol Address 

page  address   name                             
----  -------   ----                             
0     00000000  code_start                       
0     000000f6  SysCtl_delay                     
0     00000102  __TI_Handler_Table_Base          
0     00000108  __TI_Handler_Table_Limit         
0     0000010c  __TI_CINIT_Base                  
0     00000114  __TI_CINIT_Limit                 
0     00000114  __TI_CINIT_Warm                  
0     00008000  Device_enableAllPeripherals      
0     000080e0  SysCtl_setClock                  
0     000081a8  SysCtl_isPLLValid                
0     00008265  __c28xabi_addd                   
0     00008301  __c28xabi_divd                   
0     0000838c  oledInit                         
0     00008488  SysCtl_getClock                  
0     000084e6  SPI_setConfig                    
0     00008542  oledShowChar                     
0     00008595  GPIO_setPadConfig                
0     000085e7  Device_init                      
0     00008638  SysCtl_selectOscSource           
0     000086ca  oledShowNum                      
0     0000870c  SysCtl_selectXTAL                
0     0000874c  main                             
0     0000878a  Interrupt_initModule             
0     000087c7  GPIO_setControllerCore           
0     000087fe  _system_pre_init                 
0     00008800  GPIO_setAnalogMode               
0     0000883a  GPIO_setPinConfig                
0     00008871  GPIO_setQualificationMode        
0     000088a8  PinMux_init                      
0     000088de  GPIO_setDirectionMode            
0     0000890f  SPI_pollingNonFIFOTransaction    
0     00008940  __TI_decompress_lzss             
0     00008970  Delay_us                         
0     0000899e  mySPI0_init                      
0     000089cb  __TI_auto_init_nobinit_nopinit   
0     000089f6  oledRefresh                      
0     00008a21  C$$EXIT                          
0     00008a21  abort                            
0     00008a23  exit                             
0     00008a71  SysCtl_selectXTALSingleEnded     
0     00008aba  oledShowString                   
0     00008af8  Interrupt_initVectorTable        
0     00008b16  oledClear                        
0     00008b34  memcpy                           
0     00008b6d  __c28xabi_dtoul                  
0     00008bbc  SysCtl_getLowSpeedClock          
0     00008c4a  _c_int00                         
0     00008c8d  Interrupt_defaultHandler         
0     00008ca3  __c28xabi_ultod                  
0     00008d22  oled_pow                         
0     00008d87  OLED_DC_init                     
0     00008d9b  OLED_RST_init                    
0     00008e74  Device_initGPIO                  
0     00008e93  __c28xabi_subd                   
0     00008ebb  _args_main                       
0     00008ec7  SPI_WriteByte                    
0     00008ee8  oledConfig                       
0     00008ef3  Interrupt_illegalOperationHandler
0     00008efd  Interrupt_nmiHandler             
0     00008f07  Board_init                       
0     00008f10  _register_unlock                 
0     00008f14  _register_lock                   
0     00008f18  _nop                             
0     00008f19  __TI_decompress_none             
0     00008f30  __error__                        
0     00008f37  memset                           
0     00008f3e  __TI_zero_init                   
0     00008f44  GPIO_init                        
0     00008f49  SPI_init                         
0     00008f4c  C2000Ware_libraries_init         
0     00008f4d  _system_post_cinit               
1     00000400  __stack                          
1     000007f8  __TI_STACK_END                   
1     0000ac06  __TI_enable_exit_profile_output  
1     0000ac08  __TI_cleanup_ptr                 
1     0000ac0a  __TI_dtors_ptr                   
1     0000ac0c  _lock                            
1     0000ac0e  _unlock                          
1     0000ac10  asc2_0806                        
1     0000b000  F8X16                            
abs   000003f8  __TI_STACK_SIZE                  
abs   ffffffff  __TI_pprof_out_hndl              
abs   ffffffff  __TI_prof_data_size              
abs   ffffffff  __TI_prof_data_start             
n/a   UNDEFED   __c_args__                       

[85 symbols]
